******************************************************************************
                  TI ARM Linker PC v20.2.0                     
******************************************************************************
>> Linked Mon May 25 06:21:04 2020

OUTPUT FILE NAME:   <GPO.out>
ENTRY POINT SYMBOL: "_c_int00_noinit_noargs"  address: 00000439


MEMORY CONFIGURATION

         name            origin    length      used     unused   attr    fill
----------------------  --------  ---------  --------  --------  ----  --------
  FLASH                 00000000   00040000  000004c0  0003fb40  R  X
  SRAM                  20000000   00008000  00000200  00007e00  RW X


SEGMENT ALLOCATION MAP

run origin  load origin   length   init length attrs members
----------  ----------- ---------- ----------- ----- -------
00000000    00000000    000004c0   000004c0    r-x
  00000000    00000000    0000026c   0000026c    r-- .intvecs
  0000026c    0000026c    00000254   00000254    r-x .text
20000000    20000000    00000200   00000000    rw-
  20000000    20000000    00000200   00000000    rw- .stack


SECTION ALLOCATION MAP

 output                                  attributes/
section   page    origin      length       input sections
--------  ----  ----------  ----------   ----------------
.intvecs   0    00000000    0000026c     
                  00000000    0000026c     tm4c123gh6pge_startup_ccs.obj (.intvecs)

.text      0    0000026c    00000254     
                  0000026c    0000016c     driverlib.lib : gpio.obj (.text:GPIOPadConfigSet)
                  000003d8    00000034                   : sysctl.obj (.text:SysCtlPeripheralEnable)
                  0000040c    0000002c                   : gpio.obj (.text:GPIODirModeSet)
                  00000438    0000002c     rtsv7M4_T_le_v4SPD16_eabi.lib : boot_cortex_m.c.obj (.text:_c_int00_noinit_noargs:_c_int00_noinit_noargs)
                  00000464    00000028     main.obj (.text)
                  0000048c    0000001a     driverlib.lib : gpio.obj (.text:GPIOPinTypeGPIOOutput)
                  000004a6    0000000c     tm4c123gh6pge_startup_ccs.obj (.text)
                  000004b2    00000006     driverlib.lib : gpio.obj (.text:GPIOPinWrite)
                  000004b8    00000004     rtsv7M4_T_le_v4SPD16_eabi.lib : pre_init.c.obj (.text:_system_pre_init)
                  000004bc    00000004                                   : exit.c.obj (.text:abort:abort)

.cinit     0    00000000    00000000     UNINITIALIZED

.init_array 
*          0    00000000    00000000     UNINITIALIZED

.stack     0    20000000    00000200     UNINITIALIZED
                  20000000    00000004     rtsv7M4_T_le_v4SPD16_eabi.lib : boot_cortex_m.c.obj (.stack)
                  20000004    000001fc     --HOLE--

__llvm_prf_cnts 
*          0    20000000    00000000     UNINITIALIZED

MODULE SUMMARY

       Module                          code   ro data   rw data
       ------                          ----   -------   -------
    .\
       tm4c123gh6pge_startup_ccs.obj   12     620       0      
       main.obj                        40     0         0      
    +--+-------------------------------+------+---------+---------+
       Total:                          52     620       0      
                                                               
    C:/ti/TivaWare_C_Series-2.2.0.295/driverlib/ccs/Debug/driverlib.lib
       gpio.obj                        440    0         0      
       sysctl.obj                      52     0         0      
    +--+-------------------------------+------+---------+---------+
       Total:                          492    0         0      
                                                               
    C:\ti\ccs1000\ccs\tools\compiler\ti-cgt-arm_20.2.0.LTS\lib\rtsv7M4_T_le_v4SPD16_eabi.lib
       boot_cortex_m.c.obj             44     0         0      
       exit.c.obj                      4      0         0      
       pre_init.c.obj                  4      0         0      
    +--+-------------------------------+------+---------+---------+
       Total:                          52     0         0      
                                                               
       Stack:                          0      0         512    
    +--+-------------------------------+------+---------+---------+
       Grand Total:                    596    620       512    


GLOBAL SYMBOLS: SORTED ALPHABETICALLY BY Name 

address   name                   
-------   ----                   
000004bd  C$$EXIT                
0000040d  GPIODirModeSet         
0000026d  GPIOPadConfigSet       
0000048d  GPIOPinTypeGPIOOutput  
000004b3  GPIOPinWrite           
000004a7  ResetISR               
000003d9  SysCtlPeripheralEnable 
20000200  __STACK_END            
00000200  __STACK_SIZE           
20000200  __STACK_TOP            
ffffffff  __TI_pprof_out_hndl    
ffffffff  __TI_prof_data_size    
ffffffff  __TI_prof_data_start   
00000000  __TI_static_base__     
ffffffff  __binit__              
ffffffff  __c_args__             
UNDEFED   __mpu_init             
20000000  __stack                
20000000  __start___llvm_prf_cnts
20000000  __stop___llvm_prf_cnts 
00000439  _c_int00_noinit_noargs 
000004b9  _system_pre_init       
000004bd  abort                  
ffffffff  binit                  
00000000  g_pfnVectors           
00000465  main                   


GLOBAL SYMBOLS: SORTED BY Symbol Address 

address   name                   
-------   ----                   
00000000  __TI_static_base__     
00000000  g_pfnVectors           
00000200  __STACK_SIZE           
0000026d  GPIOPadConfigSet       
000003d9  SysCtlPeripheralEnable 
0000040d  GPIODirModeSet         
00000439  _c_int00_noinit_noargs 
00000465  main                   
0000048d  GPIOPinTypeGPIOOutput  
000004a7  ResetISR               
000004b3  GPIOPinWrite           
000004b9  _system_pre_init       
000004bd  C$$EXIT                
000004bd  abort                  
20000000  __stack                
20000000  __start___llvm_prf_cnts
20000000  __stop___llvm_prf_cnts 
20000200  __STACK_END            
20000200  __STACK_TOP            
ffffffff  __TI_pprof_out_hndl    
ffffffff  __TI_prof_data_size    
ffffffff  __TI_prof_data_start   
ffffffff  __binit__              
ffffffff  __c_args__             
ffffffff  binit                  
UNDEFED   __mpu_init             

[26 symbols]
